// Jest Snapshot v1, https://goo.gl/fbAQLP

exports[`renders correctly 1`] = `
<View
  style={
    Object {
      "backgroundColor": "#5059ae",
      "flex": 1,
      "flexDirection": "column",
      "justifyContent": "center",
    }
  }
>
  <RCTScrollView
    data=""
    disableVirtualization={false}
    getItem={[Function]}
    getItemCount={[Function]}
    horizontal={false}
    initialNumToRender={10}
    keyExtractor={[Function]}
    maxToRenderPerBatch={10}
    numColumns={1}
    onContentSizeChange={[Function]}
    onEndReachedThreshold={2}
    onLayout={[Function]}
    onMomentumScrollEnd={[Function]}
    onScroll={[Function]}
    onScrollBeginDrag={[Function]}
    onScrollEndDrag={[Function]}
    removeClippedSubviews={false}
    renderItem={[Function]}
    scrollEventThrottle={50}
    stickyHeaderIndices={Array []}
    updateCellsBatchingPeriod={50}
    viewabilityConfigCallbackPairs={Array []}
    windowSize={21}
  >
    <View />
  </RCTScrollView>
  <View>
    <View
      style={
        Object {
          "flexDirection": "row",
          "justifyContent": "center",
        }
      }
    >
      <View
        style={
          Object {
            "alignItems": "center",
            "justifyContent": "center",
          }
        }
      >
        <View
          style={
            Object {
              "alignItems": "center",
              "flexDirection": "row",
              "justifyContent": "center",
            }
          }
        >
          <View
            style={
              Array [
                Object {
                  "alignItems": "center",
                  "borderRadius": 5,
                  "justifyContent": "center",
                  "marginHorizontal": 2,
                },
                Object {
                  "backgroundColor": "#FAB913",
                },
                Object {
                  "height": 52,
                  "width": 46,
                },
              ]
            }
          >
            <Text
              style={
                Array [
                  Object {
                    "color": "white",
                    "fontVariant": Array [
                      "tabular-nums",
                    ],
                    "fontWeight": "bold",
                  },
                  Object {
                    "fontSize": 20,
                  },
                  Object {
                    "color": "#000",
                  },
                ]
              }
            >
              10
            </Text>
          </View>
        </View>
        <Text
          style={
            Array [
              Object {
                "backgroundColor": "transparent",
                "color": "white",
                "marginVertical": 2,
              },
              Object {
                "fontSize": 11.11111111111111,
              },
              Object {
                "color": "#000",
              },
            ]
          }
        >
          Seconds
        </Text>
      </View>
    </View>
  </View>
</View>
`;
