// Jest Snapshot v1, https://goo.gl/fbAQLP

exports[`renders correctly 1`] = `
<View
  style={
    Object {
      "alignItems": "center",
      "backgroundColor": "#5059ae",
      "flex": 1,
      "justifyContent": "center",
    }
  }
>
  <Image
    resizeMode="contain"
    source={
      Object {
        "uri": "https://media.kasperskydaily.com/wp-content/uploads/sites/92/2015/12/06023350/fingerprints-FB-1.jpg",
      }
    }
    style={
      Object {
        "height": 250,
        "opacity": 0.1,
        "width": 250,
      }
    }
  />
  <View>
    <Text
      style={
        Object {
          "color": "#fff",
          "fontSize": 18,
          "fontWeight": "bold",
          "padding": 10,
        }
      }
    >
      Scan Your Fingerprint
    </Text>
  </View>
  <View
    accessible={true}
    isTVSelectable={true}
    onResponderGrant={[Function]}
    onResponderMove={[Function]}
    onResponderRelease={[Function]}
    onResponderTerminate={[Function]}
    onResponderTerminationRequest={[Function]}
    onStartShouldSetResponder={[Function]}
    style={
      Object {
        "alignItems": "center",
        "backgroundColor": "#b44666",
        "borderRadius": 3,
        "marginTop": 50,
        "opacity": 1,
        "padding": 11,
        "width": "80%",
      }
    }
  >
    <Text
      style={
        Object {
          "color": "#fff",
          "fontSize": 18,
          "fontWeight": "bold",
        }
      }
    >
      Reject Delivery
    </Text>
  </View>
</View>
`;
