// Jest Snapshot v1, https://goo.gl/fbAQLP

exports[`renders correctly 1`] = `
<View
  style={
    Object {
      "alignItems": "center",
      "backgroundColor": "#b44666",
      "flex": 1,
      "justifyContent": "center",
    }
  }
>
  <View
    accessible={true}
    isTVSelectable={true}
    onResponderGrant={[Function]}
    onResponderMove={[Function]}
    onResponderRelease={[Function]}
    onResponderTerminate={[Function]}
    onResponderTerminationRequest={[Function]}
    onStartShouldSetResponder={[Function]}
    style={
      Object {
        "opacity": 1,
        "padding": 20,
      }
    }
  >
    <Text
      style={
        Object {
          "color": "#fff",
          "fontSize": 18,
          "fontWeight": "bold",
          "padding": 10,
        }
      }
    >
      Sign In
    </Text>
  </View>
  <View
    accessible={true}
    isTVSelectable={true}
    onResponderGrant={[Function]}
    onResponderMove={[Function]}
    onResponderRelease={[Function]}
    onResponderTerminate={[Function]}
    onResponderTerminationRequest={[Function]}
    onStartShouldSetResponder={[Function]}
    style={
      Object {
        "opacity": 1,
        "padding": 20,
      }
    }
  >
    <Text
      style={
        Object {
          "color": "#fff",
          "fontSize": 18,
          "fontWeight": "bold",
          "padding": 10,
        }
      }
    >
      Sign Up
    </Text>
  </View>
  <View
    accessible={true}
    isTVSelectable={true}
    onResponderGrant={[Function]}
    onResponderMove={[Function]}
    onResponderRelease={[Function]}
    onResponderTerminate={[Function]}
    onResponderTerminationRequest={[Function]}
    onStartShouldSetResponder={[Function]}
    style={
      Object {
        "opacity": 1,
        "padding": 20,
      }
    }
  >
    <Text
      style={
        Object {
          "color": "#fff",
          "fontSize": 18,
          "fontWeight": "bold",
          "padding": 10,
        }
      }
    >
      Forget password ?
    </Text>
  </View>
</View>
`;
